// Jest Snapshot v1, https://goo.gl/fbAQLP

exports[`ButtonNavBar renders correctly 1`] = `
<View
  accessibilityComponentType={undefined}
  accessibilityLabel="Open Menu"
  accessibilityTraits={undefined}
  accessible={true}
  collapsable={undefined}
  hasTVPreferredFocus={undefined}
  hitSlop={
    Object {
      "bottom": 20,
      "left": 20,
      "right": 20,
      "top": 20,
    }
  }
  isTVSelectable={true}
  nativeID={undefined}
  onLayout={undefined}
  onResponderGrant={[Function]}
  onResponderMove={[Function]}
  onResponderRelease={[Function]}
  onResponderTerminate={[Function]}
  onResponderTerminationRequest={[Function]}
  onStartShouldSetResponder={[Function]}
  style={
    Object {
      "alignItems": "center",
      "height": 40,
      "justifyContent": "center",
      "opacity": 1,
      "width": 30,
    }
  }
  testID={undefined}
  tvParallaxProperties={undefined}
>
  <Text
    accessible={true}
    allowFontScaling={false}
    ellipsizeMode="tail"
    style={
      Array [
        Object {
          "color": "#ffffff",
          "fontSize": 30,
        },
        Array [
          Object {
            "height": 30,
            "width": 30,
          },
          Object {},
          Object {},
        ],
        Object {
          "fontFamily": "Material Icons",
          "fontStyle": "normal",
          "fontWeight": "normal",
        },
      ]
    }
  >
    î—’
  </Text>
</View>
`;
